// Jest Snapshot v1, https://goo.gl/fbAQLP

exports[`renders correctly 1`] = `
<div
  className="pro-container"
>
  <div>
    <h3>
      My Rockets
    </h3>
  </div>
  <div
    className="dragons-list"
  >
    <h3>
      My Dragons
    </h3>
    <table>
      <tbody>
        <p>
          You have no reserved dragons
        </p>
      </tbody>
    </table>
  </div>
  <div
    className="reserve-wrapper"
  >
    <div
      className="missions-profile"
    >
      <h3>
        My Missions
      </h3>
      <p>
        You have no reserved missions
      </p>
    </div>
  </div>
</div>
`;
