// Jest Snapshot v1, https://goo.gl/fbAQLP

exports[` renders correctly 1`] = `
<div
  className="rockets"
/>
`;

exports[`Button renders correctly 1`] = `
<div
  className="rockets"
/>
`;

exports[`Rockets renders correctly 1`] = `
<div
  className="rockets"
/>
`;

exports[`renders correctly 1`] = `
<div
  className="rockets"
/>
`;
